Wasn't able to create edge: ..el_106507402144800 -> dd
